// Jest Snapshot v1, https://goo.gl/fbAQLP

exports[`HelpSection.vue has the expected UI 1`] = `
<div>
  <h2 class="title is-2 vocab-h2">Confused? Need Help?</h2>
  <p class="help__instructions desktop-hide mobile-show"></p>
  <p class="help__instructions mobile-hide desktop-show"></p>
  <div id="modal-buttons" class="columns">
    <div class="column top-bottom-paddingless"><button id="cc_license_btn" class="button is-light is-large is-fullwidth help-button">
        <p>

        </p>
      </button> <button id="license_work_btn" class="button is-light is-large is-fullwidth help-button">
        <p>

        </p>
      </button> <button id="icons_meaning_btn" class="button is-light is-large is-fullwidth help-button">
        <p>

        </p>
      </button> <button id="license_communication_btn" class="button is-light is-large is-fullwidth help-button">
        <p>

        </p>
      </button></div>
    <div class="column top-bottom-paddingless"><button id="consideration_btn" class="button is-light is-large is-fullwidth help-button">
        <p>

        </p>
      </button> <button id="formal_license_btn" class="button is-light is-large is-fullwidth help-button">
        <p>

        </p>
      </button> <button id="license_description_btn" class="button is-light is-large is-fullwidth help-button">
        <p>

        </p>
      </button></div>
  </div>
  <b-modal-stub width="960" animation="zoom-out" cancancel="escape,x,outside,button" oncancel="function _default() {}" scroll="clip">
    <header class="modal-card-head">
      <p class="modal-card-title modal-title"></p>
    </header>
    <section class="modal-card-body">
      <article class="help-text"></article>
      <footer class="modal-card-foot">
        <p></p>
      </footer>
    </section>
  </b-modal-stub>
  <b-modal-stub width="960" animation="zoom-out" cancancel="escape,x,outside,button" oncancel="function _default() {}" scroll="clip">
    <header class="modal-card-head">
      <p class="modal-card-title modal-title">

      </p>
    </header>
    <section class="modal-card-body">
      <article></article>
      <footer class="modal-card-foot"></footer>
    </section>
  </b-modal-stub>
  <b-modal-stub width="960" animation="zoom-out" cancancel="escape,x,outside,button" oncancel="function _default() {}" scroll="clip">
    <header class="modal-card-head">
      <p class="modal-card-title modal-title">

      </p>
    </header>
    <section class="modal-card-body">
      <div class="columns">
        <div class="column is-half top-bottom-paddingless">
          <div class="edu-icons-section">
            <div class="edu-icons-title-section is-gapless"><img src="../assets/license-icons/cc-by_icon.svg">
              <div class="icon-title"><b></b>
                <p class="help"></p>
              </div>
            </div>
            <p>

            </p>
          </div>
          <div class="edu-icons-section is-gapless">
            <div class="edu-icons-title-section"><img src="../assets/license-icons/cc-nd_icon.svg">
              <div class="icon-title"><b></b>
                <p class="help"></p>
              </div>
            </div>
            <p>


            </p>
          </div>
        </div>
        <div class="column is-half top-bottom-paddingless">
          <div class="edu-icons-section is-gapless">
            <div class="edu-icons-title-section"><img src="../assets/license-icons/cc-nc_icon.svg" class="icon-img">
              <div class="icon-title"><b></b>
                <p class="help"></p>
              </div>
            </div>
            <div></div>
          </div>
          <div class="edu-icons-section">
            <div class="edu-icons-title-section is-gapless"><img src="../assets/license-icons/cc-sa_icon.svg">
              <div class="icon-title"><b></b>
                <p class="help"></p>
              </div>
            </div>
            <p>

            </p>
          </div>
        </div>
      </div>
      <footer class="modal-card-foot"></footer>
    </section>
  </b-modal-stub>
  <b-modal-stub width="960" animation="zoom-out" cancancel="escape,x,outside,button" oncancel="function _default() {}" scroll="clip">
    <header class="modal-card-head">
      <p class="modal-card-title modal-title">

      </p>
    </header>
    <section class="modal-card-body">
      <article></article>
      <footer class="modal-card-foot">
        <p></p>
      </footer>
    </section>
  </b-modal-stub>
  <b-modal-stub width="960" animation="zoom-out" cancancel="escape,x,outside,button" oncancel="function _default() {}" scroll="clip">
    <header class="modal-card-head">
      <p class="modal-card-title modal-title">

      </p>
    </header>
    <section class="modal-card-body">
      <article></article>
    </section>
  </b-modal-stub>
  <b-modal-stub width="960" animation="zoom-out" cancancel="escape,x,outside,button" oncancel="function _default() {}" scroll="clip">
    <header class="modal-card-head">
      <p class="modal-card-title modal-title">

      </p>
    </header>
    <section class="modal-card-body">
      <div class="columns">
        <div class="column is-two-thirds">
          <article></article>
        </div>
        <div class="column"><img src="../assets/license-openness-scale.png"></div>
      </div>
      <footer class="modal-card-foot">
        <p></p>
      </footer>
    </section>
  </b-modal-stub>
  <b-modal-stub width="960" animation="zoom-out" cancancel="escape,x,outside,button" oncancel="function _default() {}" scroll="clip">
    <header class="modal-card-head">
      <p class="modal-card-title modal-title">
      </p>
    </header>
    <section class="modal-card-body">
      <p></p>
      <table class="table is-hoverable is-fullwidth">
        <tbody>
          <tr>
            <th></th>
            <td></td>
          </tr>
          <tr>
            <th></th>
            <td>CC BY-NC</td>
          </tr>
          <tr>
            <th></th>
            <td>
              <licenseiconography-stub iconlist=",by,nc"></licenseiconography-stub>
            </td>
          </tr>
        </tbody>
      </table>
    </section>
  </b-modal-stub>
</div>
`;
